// Jest Snapshot v1, https://goo.gl/fbAQLP

exports[`SearchInput should render correctly 1`] = `
<SearchInput
  classes={
    Object {
      "textField": "SearchInput-textField-1 [object Object]",
    }
  }
  handleSearchChange={
    Object {
      "type": "SEARCH_CHANGE",
      "value": "",
    }
  }
/>
`;
